../Core/Src/main.c:78:6:power_system	16	static
../Core/Src/main.c:109:6:charge_batt	8	static
../Core/Src/main.c:166:6:start_melody	16	static
../Core/Src/main.c:194:6:run_mTEM	8	static
../Core/Src/main.c:210:5:main	8	static
../Core/Src/main.c:300:6:SystemClock_Config	88	static
../Core/Src/main.c:347:13:MX_I2C1_Init	8	static
../Core/Src/main.c:395:13:MX_I2C2_Init	8	static
../Core/Src/main.c:443:13:MX_USART1_UART_Init	8	static
../Core/Src/main.c:491:13:MX_USART3_UART_Init	8	static
../Core/Src/main.c:539:13:MX_GPIO_Init	48	static
../Core/Src/main.c:596:6:Error_Handler	4	static,ignoring_inline_asm
